Log file created at: 2019/04/06 21:47:45
Running on machine: hp-250-g5-notebook-pc
Log line format: [IWEF]mmdd hh:mm:ss.uuuuuu threadid file:line] msg
I0406 21:47:45.883067 11794 c_interface.cc:127] Logging enabled to .
I0406 21:47:45.920734 11794 c_interface.cc:128] BigARTM version: v0.10.0
I0406 21:47:45.920931 11794 c_interface.cc:271] Pass MasterModelConfig: topic_name_size=0, score_config_size=1, num_processors=0, pwt_name=pwt, nwt_name=nwt, num_document_passes=0, reuse_theta=no, cache_theta=no, opt_for_avx=yes, disk_cache_path= to ArtmCreateMasterModel
I0406 21:47:45.921023 11794 c_interface.cc:274] Creating MasterModel (id=1)...
I0406 21:48:58.983611 11794 c_interface.cc:271] Pass MasterModelConfig: topic_name_size=0, score_config_size=1, num_processors=0, pwt_name=pwt, nwt_name=nwt, num_document_passes=0, reuse_theta=no, cache_theta=no, opt_for_avx=yes, disk_cache_path= to ArtmCreateMasterModel
I0406 21:48:58.983705 11794 c_interface.cc:274] Creating MasterModel (id=2)...
I0406 21:48:58.984858 11794 collection_parser.cc:771] CollectionParserConfig.num_threads is automatically set to 4
I0406 21:48:59.652859 11794 c_interface.cc:375] Pass bae09e5a-e85a-46df-9655-15b862d4f1b8 to MN4artm4core15MasterComponentEFvRKNSt7__cxx1112basic_stringIcSt11char_traitsIcESaIcEEEE
I0406 21:48:59.653043 11794 c_interface.cc:389] Pass GatherDictionaryArgs: dictionary_target_name=bae09e5a-e85a-46df-9655-15b862d4f1b8, data_path=Batches, symmetric_cooc_values=0 to MN4artm4core15MasterComponentEFvRKNS_20GatherDictionaryArgsEE
I0406 21:48:59.653201 11794 dictionary_operations.cc:265] Found 18 batches in 'Batches' folder
I0406 21:48:59.777488 11794 dictionary_operations.cc:331] Find 26866 unique tokens in 1728 items
I0406 21:48:59.810235 11794 dictionary_operations.cc:611] Dictionary name='bae09e5a-e85a-46df-9655-15b862d4f1b8' contains entries: author:539; text:26327; 
I0406 21:50:44.931704 11794 c_interface.cc:271] Pass MasterModelConfig: topic_name_size=30, score_config_size=1, num_processors=0, pwt_name=pwt, nwt_name=nwt, num_document_passes=1, reuse_theta=yes, cache_theta=yes, opt_for_avx=yes, disk_cache_path= to ArtmCreateMasterModel
I0406 21:50:44.931820 11794 instance.cc:401] MasterModelConfig.processors_count is automatically set to 4
I0406 21:50:44.931962 11830 processor.cc:58] Processor thread started
I0406 21:50:44.931977 11794 c_interface.cc:274] Creating MasterModel (id=3)...
I0406 21:50:44.934214 11831 processor.cc:58] Processor thread started
I0406 21:50:44.935250 11832 processor.cc:58] Processor thread started
I0406 21:50:44.936478 11829 processor.cc:58] Processor thread started
I0406 21:50:44.956979 11831 processor.cc:74] No data in processing queue, waiting...
I0406 21:50:44.957731 11830 processor.cc:74] No data in processing queue, waiting...
I0406 21:50:44.957806 11832 processor.cc:74] No data in processing queue, waiting...
I0406 21:50:44.958541 11829 processor.cc:74] No data in processing queue, waiting...
I0406 21:51:45.455266 11794 c_interface.cc:271] Pass MasterModelConfig: topic_name_size=0, score_config_size=1, num_processors=0, pwt_name=pwt, nwt_name=nwt, num_document_passes=0, reuse_theta=no, cache_theta=no, opt_for_avx=yes, disk_cache_path= to ArtmCreateMasterModel
I0406 21:51:45.455356 11794 c_interface.cc:274] Creating MasterModel (id=4)...
I0406 21:53:08.062568 11794 c_interface.cc:271] Pass MasterModelConfig: topic_name_size=0, score_config_size=1, num_processors=0, pwt_name=pwt, nwt_name=nwt, num_document_passes=0, reuse_theta=no, cache_theta=no, opt_for_avx=yes, disk_cache_path= to ArtmCreateMasterModel
I0406 21:53:08.062691 11794 c_interface.cc:274] Creating MasterModel (id=5)...
I0406 21:53:08.063144 11794 c_interface.cc:375] Pass dictionary to MN4artm4core15MasterComponentEFvRKNSt7__cxx1112basic_stringIcSt11char_traitsIcESaIcEEEE
I0406 21:53:08.089795 11794 c_interface.cc:339] Disposing MasterComponent (id=4)...
I0406 21:53:08.090091 11794 c_interface.cc:375] Pass dictionary to MN4artm4core15MasterComponentEFvRKNSt7__cxx1112basic_stringIcSt11char_traitsIcESaIcEEEE
I0406 21:53:08.090235 11794 c_interface.cc:389] Pass GatherDictionaryArgs: dictionary_target_name=dictionary, data_path=Batches, symmetric_cooc_values=0 to MN4artm4core15MasterComponentEFvRKNS_20GatherDictionaryArgsEE
I0406 21:53:08.090353 11794 dictionary_operations.cc:265] Found 18 batches in 'Batches' folder
I0406 21:53:08.208611 11794 dictionary_operations.cc:331] Find 26866 unique tokens in 1728 items
I0406 21:53:08.241204 11794 dictionary_operations.cc:611] Dictionary name='dictionary' contains entries: author:539; text:26327; 
I0406 21:57:47.607781 11794 c_interface.cc:271] Pass MasterModelConfig: topic_name_size=0, score_config_size=1, num_processors=0, pwt_name=pwt, nwt_name=nwt, num_document_passes=0, reuse_theta=no, cache_theta=no, opt_for_avx=yes, disk_cache_path= to ArtmCreateMasterModel
I0406 21:57:47.608264 11794 c_interface.cc:274] Creating MasterModel (id=6)...
I0406 21:57:47.608480 11794 c_interface.cc:375] Pass dictionary to MN4artm4core15MasterComponentEFvRKNSt7__cxx1112basic_stringIcSt11char_traitsIcESaIcEEEE
I0406 21:57:47.615936 11794 c_interface.cc:339] Disposing MasterComponent (id=5)...
I0406 21:57:47.616128 11794 c_interface.cc:375] Pass dictionary to MN4artm4core15MasterComponentEFvRKNSt7__cxx1112basic_stringIcSt11char_traitsIcESaIcEEEE
I0406 21:57:47.616309 11794 c_interface.cc:389] Pass GatherDictionaryArgs: dictionary_target_name=dictionary, data_path=Batches, symmetric_cooc_values=0 to MN4artm4core15MasterComponentEFvRKNS_20GatherDictionaryArgsEE
I0406 21:57:47.616500 11794 dictionary_operations.cc:265] Found 18 batches in 'Batches' folder
I0406 21:57:47.741664 11794 dictionary_operations.cc:331] Find 26866 unique tokens in 1728 items
I0406 21:57:47.773034 11794 dictionary_operations.cc:611] Dictionary name='dictionary' contains entries: author:539; text:26327; 
I0406 21:57:47.773250 11794 c_interface.cc:375] Pass pwt to MN4artm4core15MasterComponentEFvRKNSt7__cxx1112basic_stringIcSt11char_traitsIcESaIcEEEE
I0406 21:57:47.773274 11794 c_interface.cc:375] Pass nwt to MN4artm4core15MasterComponentEFvRKNSt7__cxx1112basic_stringIcSt11char_traitsIcESaIcEEEE
I0406 21:57:47.773393 11794 c_interface.cc:389] Pass InitializeModelArgs: model_name=pwt, dictionary_name=dictionary, topic_name_size=30, seed=-1 to MN4artm4core15MasterComponentEFvRKNS_19InitializeModelArgsEE
I0406 21:57:47.885655 11794 master_component.cc:663] InitializeModel() created matrix pwt with 30 topics and 26866 tokens; 
I0406 21:57:47.885803 11794 c_interface.cc:389] Pass InitializeModelArgs: model_name=nwt, dictionary_name=dictionary, topic_name_size=30, seed=-1 to MN4artm4core15MasterComponentEFvRKNS_19InitializeModelArgsEE
I0406 21:57:48.004093 11794 master_component.cc:663] InitializeModel() created matrix nwt with 30 topics and 26866 tokens; 
I0406 21:57:48.004285 11794 c_interface.cc:231] ArtmCopyRequestedMessage is copying 285 bytes...
I0406 22:01:13.874727 11794 c_interface.cc:389] Pass MasterModelConfig: topic_name_size=30, score_config_size=2, num_processors=0, pwt_name=pwt, nwt_name=nwt, num_document_passes=1, reuse_theta=yes, cache_theta=yes, opt_for_avx=yes, disk_cache_path= to MN4artm4core15MasterComponentEFvRKNS_17MasterModelConfigEE
I0406 22:01:13.874850 11794 instance.cc:401] MasterModelConfig.processors_count is automatically set to 4
I0406 22:01:13.875448 11794 c_interface.cc:389] Pass MasterModelConfig: topic_name_size=30, score_config_size=3, num_processors=0, pwt_name=pwt, nwt_name=nwt, num_document_passes=1, reuse_theta=yes, cache_theta=yes, opt_for_avx=yes, disk_cache_path= to MN4artm4core15MasterComponentEFvRKNS_17MasterModelConfigEE
I0406 22:01:13.875488 11794 instance.cc:401] MasterModelConfig.processors_count is automatically set to 4
I0406 22:02:35.459915 11794 c_interface.cc:271] Pass MasterModelConfig: topic_name_size=30, score_config_size=1, num_processors=0, pwt_name=pwt, nwt_name=nwt, num_document_passes=1, reuse_theta=yes, cache_theta=yes, opt_for_avx=yes, disk_cache_path= to ArtmCreateMasterModel
I0406 22:02:35.460292 11794 instance.cc:401] MasterModelConfig.processors_count is automatically set to 4
I0406 22:02:35.460500 12174 processor.cc:58] Processor thread started
I0406 22:02:35.462208 12176 processor.cc:58] Processor thread started
I0406 22:02:35.462231 11794 c_interface.cc:274] Creating MasterModel (id=7)...
I0406 22:02:35.462345 12175 processor.cc:58] Processor thread started
I0406 22:02:35.462954 11829 processor.cc:66] Processor thread stopped
I0406 22:02:35.462976 11829 processor.cc:67] Total number of processed batches: 0
I0406 22:02:35.463999 11830 processor.cc:66] Processor thread stopped
I0406 22:02:35.464015 11830 processor.cc:67] Total number of processed batches: 0
I0406 22:02:35.464370 11831 processor.cc:66] Processor thread stopped
I0406 22:02:35.464381 11831 processor.cc:67] Total number of processed batches: 0
I0406 22:02:35.464956 11832 processor.cc:66] Processor thread stopped
I0406 22:02:35.464965 11832 processor.cc:67] Total number of processed batches: 0
I0406 22:02:35.467296 12177 processor.cc:58] Processor thread started
I0406 22:02:35.480698 12174 processor.cc:74] No data in processing queue, waiting...
I0406 22:02:35.482733 12176 processor.cc:74] No data in processing queue, waiting...
I0406 22:02:35.482733 12175 processor.cc:74] No data in processing queue, waiting...
I0406 22:02:35.487751 12177 processor.cc:74] No data in processing queue, waiting...
I0406 22:02:35.492254 11794 c_interface.cc:339] Disposing MasterComponent (id=3)...
I0406 22:02:36.674655 11794 c_interface.cc:271] Pass MasterModelConfig: topic_name_size=0, score_config_size=1, num_processors=0, pwt_name=pwt, nwt_name=nwt, num_document_passes=0, reuse_theta=no, cache_theta=no, opt_for_avx=yes, disk_cache_path= to ArtmCreateMasterModel
I0406 22:02:36.674697 11794 c_interface.cc:274] Creating MasterModel (id=8)...
I0406 22:02:36.675125 11794 c_interface.cc:375] Pass dictionary to MN4artm4core15MasterComponentEFvRKNSt7__cxx1112basic_stringIcSt11char_traitsIcESaIcEEEE
I0406 22:02:36.684757 11794 c_interface.cc:339] Disposing MasterComponent (id=6)...
I0406 22:02:36.684968 11794 c_interface.cc:375] Pass dictionary to MN4artm4core15MasterComponentEFvRKNSt7__cxx1112basic_stringIcSt11char_traitsIcESaIcEEEE
I0406 22:02:36.685159 11794 c_interface.cc:389] Pass GatherDictionaryArgs: dictionary_target_name=dictionary, data_path=Batches, symmetric_cooc_values=0 to MN4artm4core15MasterComponentEFvRKNS_20GatherDictionaryArgsEE
I0406 22:02:36.685364 11794 dictionary_operations.cc:265] Found 18 batches in 'Batches' folder
I0406 22:02:36.816802 11794 dictionary_operations.cc:331] Find 26866 unique tokens in 1728 items
I0406 22:02:36.845275 11794 dictionary_operations.cc:611] Dictionary name='dictionary' contains entries: author:539; text:26327; 
I0406 22:02:36.845480 11794 c_interface.cc:375] Pass pwt to MN4artm4core15MasterComponentEFvRKNSt7__cxx1112basic_stringIcSt11char_traitsIcESaIcEEEE
I0406 22:02:36.845504 11794 c_interface.cc:375] Pass nwt to MN4artm4core15MasterComponentEFvRKNSt7__cxx1112basic_stringIcSt11char_traitsIcESaIcEEEE
I0406 22:02:36.845618 11794 c_interface.cc:389] Pass InitializeModelArgs: model_name=pwt, dictionary_name=dictionary, topic_name_size=30, seed=-1 to MN4artm4core15MasterComponentEFvRKNS_19InitializeModelArgsEE
I0406 22:02:36.955826 11794 master_component.cc:663] InitializeModel() created matrix pwt with 30 topics and 26866 tokens; 
I0406 22:02:36.955978 11794 c_interface.cc:389] Pass InitializeModelArgs: model_name=nwt, dictionary_name=dictionary, topic_name_size=30, seed=-1 to MN4artm4core15MasterComponentEFvRKNS_19InitializeModelArgsEE
I0406 22:02:37.074059 11794 master_component.cc:663] InitializeModel() created matrix nwt with 30 topics and 26866 tokens; 
I0406 22:02:37.074349 11794 c_interface.cc:231] ArtmCopyRequestedMessage is copying 309 bytes...
I0406 22:02:38.465993 11794 c_interface.cc:389] Pass MasterModelConfig: topic_name_size=30, score_config_size=2, num_processors=0, pwt_name=pwt, nwt_name=nwt, num_document_passes=1, reuse_theta=yes, cache_theta=yes, opt_for_avx=yes, disk_cache_path= to MN4artm4core15MasterComponentEFvRKNS_17MasterModelConfigEE
I0406 22:02:38.466487 11794 instance.cc:401] MasterModelConfig.processors_count is automatically set to 4
I0406 22:02:38.467725 11794 c_interface.cc:389] Pass MasterModelConfig: topic_name_size=30, score_config_size=3, num_processors=0, pwt_name=pwt, nwt_name=nwt, num_document_passes=1, reuse_theta=yes, cache_theta=yes, opt_for_avx=yes, disk_cache_path= to MN4artm4core15MasterComponentEFvRKNS_17MasterModelConfigEE
I0406 22:02:38.467785 11794 instance.cc:401] MasterModelConfig.processors_count is automatically set to 4
I0406 22:05:35.055749 11794 c_interface.cc:389] Pass MasterModelConfig: topic_name_size=30, score_config_size=3, num_processors=0, pwt_name=pwt, nwt_name=nwt, num_document_passes=1, regularizer=(SparsePhi:100000), reuse_theta=yes, cache_theta=yes, opt_for_avx=yes, disk_cache_path= to MN4artm4core15MasterComponentEFvRKNS_17MasterModelConfigEE
I0406 22:05:35.058326 11794 instance.cc:401] MasterModelConfig.processors_count is automatically set to 4
I0406 22:05:35.058461 11794 instance.cc:232] Regularizer 'SparsePhi' was cold-reconfigured
I0406 22:07:19.876263 11794 c_interface.cc:389] Pass MasterModelConfig: topic_name_size=30, score_config_size=3, num_processors=0, pwt_name=pwt, nwt_name=nwt, num_document_passes=1, regularizer=(SparsePhi:100000), reuse_theta=yes, cache_theta=yes, opt_for_avx=yes, disk_cache_path= to MN4artm4core15MasterComponentEFvRKNS_17MasterModelConfigEE
I0406 22:07:19.876382 11794 instance.cc:401] MasterModelConfig.processors_count is automatically set to 4
I0406 22:07:19.876432 11794 instance.cc:232] Regularizer 'SparsePhi' was cold-reconfigured
I0406 22:07:19.965114 11794 c_interface.cc:389] Pass FitOfflineMasterModelArgs, batch_filename_size=18, batch_weight_size=18, num_collection_passes=1, reset_nwt=yes to MN4artm4core15MasterComponentEFvRKNS_25FitOfflineMasterModelArgsEE
I0406 22:07:19.965214 11794 master_component.cc:1404] ProcessBatchesArgs: nwt_target_name=nwt, batch_filename_size=18, batch_size=0, batch_weight_size=18, pwt_source_name=pwt, num_document_passes=1, regularizer=(name:SparsePhi, tau:100000), reuse_theta=yes, opt_for_avx=yes, predict_class_id=, reset_nwt=yes
I0406 22:07:20.007035 12175 processor.cc:81] Processing queue has data, processing started
I0406 22:07:20.007879 12176 processor.cc:81] Processing queue has data, processing started
I0406 22:07:20.009075 12177 processor.cc:81] Processing queue has data, processing started
I0406 22:07:20.009147 12174 processor.cc:81] Processing queue has data, processing started
I0406 22:07:20.014453 12176 processor.cc:158] Processor: start processing batch be9f0109-6d91-4f48-a00c-cc5472bf69f7 into model nwt
I0406 22:07:20.018774 12174 processor.cc:158] Processor: start processing batch 782b3642-0a42-4999-9ffa-8064a089f83e into model nwt
I0406 22:07:20.021127 12177 processor.cc:158] Processor: start processing batch 048bcd38-afd2-47ae-8d3d-d3411dacf0bd into model nwt
I0406 22:07:20.022682 12175 processor.cc:158] Processor: start processing batch fced9c49-3584-4f8d-8723-87499960692c into model nwt
I0406 22:07:20.038584 12176 processor.cc:292] Processor: complete processing batch be9f0109-6d91-4f48-a00c-cc5472bf69f7 into model nwt
I0406 22:07:20.039049 12176 cuckoo_watch.h:45] 31ms in ProcessBatch(Batches/aaaaae.batch) [including 6ms in LoadMessage; 0ms in FindReuseThetaCacheEntry; 0ms in InitializeTheta; 0ms in CreateRegularizerAgents; 1ms in InitializeSparseNdw; 14ms in InferThetaAndUpdateNwtSparse; 0ms in UpdateCacheEntry; 8ms in CalculateScore(^^^ItemsProcessedScore^^^); ]
I0406 22:07:20.046703 12176 processor.cc:158] Processor: start processing batch 5621f913-2e68-4f6a-98f0-4b6c84f7dcc3 into model nwt
I0406 22:07:20.077699 12174 processor.cc:292] Processor: complete processing batch 782b3642-0a42-4999-9ffa-8064a089f83e into model nwt
I0406 22:07:20.078507 12174 cuckoo_watch.h:45] 69ms in ProcessBatch(Batches/aaaaaj.batch) [including 9ms in LoadMessage; 0ms in FindReuseThetaCacheEntry; 0ms in InitializeTheta; 0ms in CreateRegularizerAgents; 3ms in InitializeSparseNdw; 33ms in InferThetaAndUpdateNwtSparse; 0ms in UpdateCacheEntry; 21ms in CalculateScore(^^^ItemsProcessedScore^^^); ]
I0406 22:07:20.081439 12174 processor.cc:158] Processor: start processing batch 6c78d964-b2ab-4d03-ab54-bf7023db75a8 into model nwt
I0406 22:07:20.100415 12175 processor.cc:292] Processor: complete processing batch fced9c49-3584-4f8d-8723-87499960692c into model nwt
I0406 22:07:20.101338 12175 cuckoo_watch.h:45] 94ms in ProcessBatch(Batches/aaaaao.batch) [including 15ms in LoadMessage; 0ms in FindReuseThetaCacheEntry; 0ms in InitializeTheta; 0ms in CreateRegularizerAgents; 4ms in InitializeSparseNdw; 44ms in InferThetaAndUpdateNwtSparse; 0ms in UpdateCacheEntry; 28ms in CalculateScore(^^^ItemsProcessedScore^^^); ]
I0406 22:07:20.109410 12174 processor.cc:292] Processor: complete processing batch 6c78d964-b2ab-4d03-ab54-bf7023db75a8 into model nwt
I0406 22:07:20.109930 12174 cuckoo_watch.h:45] 31ms in ProcessBatch(Batches/aaaaac.batch) [including 2ms in LoadMessage; 0ms in FindReuseThetaCacheEntry; 0ms in InitializeTheta; 0ms in CreateRegularizerAgents; 1ms in InitializeSparseNdw; 17ms in InferThetaAndUpdateNwtSparse; 0ms in UpdateCacheEntry; 9ms in CalculateScore(^^^ItemsProcessedScore^^^); ]
I0406 22:07:20.109937 12175 processor.cc:158] Processor: start processing batch ef24ae8f-b427-471d-b935-a1b49e08f2da into model nwt
I0406 22:07:20.112453 12174 processor.cc:158] Processor: start processing batch c8af4a00-10b7-410a-945d-afe2e54d9a36 into model nwt
I0406 22:07:20.128830 12177 processor.cc:292] Processor: complete processing batch 048bcd38-afd2-47ae-8d3d-d3411dacf0bd into model nwt
I0406 22:07:20.130023 12177 cuckoo_watch.h:45] 120ms in ProcessBatch(Batches/aaaaak.batch) [including 12ms in LoadMessage; 0ms in FindReuseThetaCacheEntry; 0ms in InitializeTheta; 0ms in CreateRegularizerAgents; 6ms in InitializeSparseNdw; 62ms in InferThetaAndUpdateNwtSparse; 0ms in UpdateCacheEntry; 38ms in CalculateScore(^^^ItemsProcessedScore^^^); ]
I0406 22:07:20.132027 12177 processor.cc:158] Processor: start processing batch 3c8a348f-9937-495c-9b78-325fe7ea3d23 into model nwt
I0406 22:07:20.136718 12174 processor.cc:292] Processor: complete processing batch c8af4a00-10b7-410a-945d-afe2e54d9a36 into model nwt
I0406 22:07:20.137182 12174 cuckoo_watch.h:45] 27ms in ProcessBatch(Batches/aaaaab.batch) [including 2ms in LoadMessage; 0ms in FindReuseThetaCacheEntry; 0ms in InitializeTheta; 0ms in CreateRegularizerAgents; 1ms in InitializeSparseNdw; 15ms in InferThetaAndUpdateNwtSparse; 0ms in UpdateCacheEntry; 7ms in CalculateScore(^^^ItemsProcessedScore^^^); ]
I0406 22:07:20.140995 12174 processor.cc:158] Processor: start processing batch 700c3a84-9832-4271-8814-55df5d9da423 into model nwt
I0406 22:07:20.141180 12176 processor.cc:292] Processor: complete processing batch 5621f913-2e68-4f6a-98f0-4b6c84f7dcc3 into model nwt
I0406 22:07:20.142113 12176 cuckoo_watch.h:45] 103ms in ProcessBatch(Batches/aaaaan.batch) [including 7ms in LoadMessage; 0ms in FindReuseThetaCacheEntry; 0ms in InitializeTheta; 0ms in CreateRegularizerAgents; 5ms in InitializeSparseNdw; 55ms in InferThetaAndUpdateNwtSparse; 0ms in UpdateCacheEntry; 32ms in CalculateScore(^^^ItemsProcessedScore^^^); ]
I0406 22:07:20.142593 12176 processor.cc:158] Processor: start processing batch 6e1c122c-5cde-4ef3-ba3d-1a94174f4b18 into model nwt
I0406 22:07:20.145828 12176 processor.cc:292] Processor: complete processing batch 6e1c122c-5cde-4ef3-ba3d-1a94174f4b18 into model nwt
I0406 22:07:20.145951 12176 cuckoo_watch.h:45] 3ms in ProcessBatch(Batches/aaaaar.batch) [including 0ms in LoadMessage; 0ms in FindReuseThetaCacheEntry; 0ms in InitializeTheta; 0ms in CreateRegularizerAgents; 0ms in InitializeSparseNdw; 2ms in InferThetaAndUpdateNwtSparse; 0ms in UpdateCacheEntry; 0ms in CalculateScore(^^^ItemsProcessedScore^^^); ]
I0406 22:07:20.148607 12176 processor.cc:158] Processor: start processing batch a0939a26-4dd4-4a52-90ca-ee92f7266d58 into model nwt
I0406 22:07:20.148619 12177 processor.cc:292] Processor: complete processing batch 3c8a348f-9937-495c-9b78-325fe7ea3d23 into model nwt
I0406 22:07:20.148983 12177 cuckoo_watch.h:45] 18ms in ProcessBatch(Batches/aaaaaq.batch) [including 1ms in LoadMessage; 0ms in FindReuseThetaCacheEntry; 0ms in InitializeTheta; 0ms in CreateRegularizerAgents; 0ms in InitializeSparseNdw; 10ms in InferThetaAndUpdateNwtSparse; 0ms in UpdateCacheEntry; 5ms in CalculateScore(^^^ItemsProcessedScore^^^); ]
I0406 22:07:20.150372 12177 processor.cc:158] Processor: start processing batch c98e2b2a-9bbb-4fa1-a922-225ba01bea91 into model nwt
I0406 22:07:20.163177 12177 processor.cc:292] Processor: complete processing batch c98e2b2a-9bbb-4fa1-a922-225ba01bea91 into model nwt
I0406 22:07:20.163506 12177 cuckoo_watch.h:45] 14ms in ProcessBatch(Batches/aaaaaa.batch) [including 1ms in LoadMessage; 0ms in FindReuseThetaCacheEntry; 0ms in InitializeTheta; 0ms in CreateRegularizerAgents; 0ms in InitializeSparseNdw; 7ms in InferThetaAndUpdateNwtSparse; 0ms in UpdateCacheEntry; 4ms in CalculateScore(^^^ItemsProcessedScore^^^); ]
I0406 22:07:20.166218 12177 processor.cc:158] Processor: start processing batch 61b1ac56-7c35-4348-b783-e0d6acaf83e0 into model nwt
I0406 22:07:20.177019 12176 processor.cc:292] Processor: complete processing batch a0939a26-4dd4-4a52-90ca-ee92f7266d58 into model nwt
I0406 22:07:20.177589 12176 cuckoo_watch.h:45] 31ms in ProcessBatch(Batches/aaaaaf.batch) [including 2ms in LoadMessage; 0ms in FindReuseThetaCacheEntry; 0ms in InitializeTheta; 0ms in CreateRegularizerAgents; 1ms in InitializeSparseNdw; 17ms in InferThetaAndUpdateNwtSparse; 0ms in UpdateCacheEntry; 9ms in CalculateScore(^^^ItemsProcessedScore^^^); ]
I0406 22:07:20.179774 12174 processor.cc:292] Processor: complete processing batch 700c3a84-9832-4271-8814-55df5d9da423 into model nwt
I0406 22:07:20.180415 12174 cuckoo_watch.h:45] 43ms in ProcessBatch(Batches/aaaaag.batch) [including 3ms in LoadMessage; 0ms in FindReuseThetaCacheEntry; 0ms in InitializeTheta; 0ms in CreateRegularizerAgents; 2ms in InitializeSparseNdw; 23ms in InferThetaAndUpdateNwtSparse; 0ms in UpdateCacheEntry; 12ms in CalculateScore(^^^ItemsProcessedScore^^^); ]
I0406 22:07:20.183183 12174 processor.cc:158] Processor: start processing batch 395184fb-1227-4ff0-a1bb-a069f3db5500 into model nwt
I0406 22:07:20.186766 12176 processor.cc:158] Processor: start processing batch 677f30a2-9719-41a9-bc36-e039148b3b3e into model nwt
I0406 22:07:20.192814 12177 processor.cc:292] Processor: complete processing batch 61b1ac56-7c35-4348-b783-e0d6acaf83e0 into model nwt
I0406 22:07:20.193316 12177 cuckoo_watch.h:45] 29ms in ProcessBatch(Batches/aaaaad.batch) [including 2ms in LoadMessage; 0ms in FindReuseThetaCacheEntry; 0ms in InitializeTheta; 0ms in CreateRegularizerAgents; 1ms in InitializeSparseNdw; 16ms in InferThetaAndUpdateNwtSparse; 0ms in UpdateCacheEntry; 8ms in CalculateScore(^^^ItemsProcessedScore^^^); ]
I0406 22:07:20.199743 12177 processor.cc:158] Processor: start processing batch 5eef4a67-5be9-4956-a3aa-29ae9af4da08 into model nwt
I0406 22:07:20.213485 12174 processor.cc:292] Processor: complete processing batch 395184fb-1227-4ff0-a1bb-a069f3db5500 into model nwt
I0406 22:07:20.214015 12174 cuckoo_watch.h:45] 33ms in ProcessBatch(Batches/aaaaai.batch) [including 2ms in LoadMessage; 0ms in FindReuseThetaCacheEntry; 0ms in InitializeTheta; 0ms in CreateRegularizerAgents; 1ms in InitializeSparseNdw; 17ms in InferThetaAndUpdateNwtSparse; 0ms in UpdateCacheEntry; 11ms in CalculateScore(^^^ItemsProcessedScore^^^); ]
I0406 22:07:20.217183 12174 processor.cc:158] Processor: start processing batch 30f84a15-e212-4959-bf4d-826e7ea3a420 into model nwt
I0406 22:07:20.218240 12175 processor.cc:292] Processor: complete processing batch ef24ae8f-b427-471d-b935-a1b49e08f2da into model nwt
I0406 22:07:20.219231 12175 cuckoo_watch.h:45] 117ms in ProcessBatch(Batches/aaaaal.batch) [including 8ms in LoadMessage; 0ms in FindReuseThetaCacheEntry; 0ms in InitializeTheta; 0ms in CreateRegularizerAgents; 6ms in InitializeSparseNdw; 62ms in InferThetaAndUpdateNwtSparse; 0ms in UpdateCacheEntry; 39ms in CalculateScore(^^^ItemsProcessedScore^^^); ]
I0406 22:07:20.239367 12175 processor.cc:74] No data in processing queue, waiting...
I0406 22:07:20.250478 12174 processor.cc:292] Processor: complete processing batch 30f84a15-e212-4959-bf4d-826e7ea3a420 into model nwt
I0406 22:07:20.251083 12174 cuckoo_watch.h:45] 37ms in ProcessBatch(Batches/aaaaah.batch) [including 3ms in LoadMessage; 0ms in FindReuseThetaCacheEntry; 0ms in InitializeTheta; 0ms in CreateRegularizerAgents; 1ms in InitializeSparseNdw; 20ms in InferThetaAndUpdateNwtSparse; 0ms in UpdateCacheEntry; 11ms in CalculateScore(^^^ItemsProcessedScore^^^); ]
I0406 22:07:20.270458 12177 processor.cc:292] Processor: complete processing batch 5eef4a67-5be9-4956-a3aa-29ae9af4da08 into model nwt
I0406 22:07:20.271119 12177 cuckoo_watch.h:45] 77ms in ProcessBatch(Batches/aaaaap.batch) [including 6ms in LoadMessage; 0ms in FindReuseThetaCacheEntry; 0ms in InitializeTheta; 0ms in CreateRegularizerAgents; 12ms in InitializeSparseNdw; 42ms in InferThetaAndUpdateNwtSparse; 0ms in UpdateCacheEntry; 16ms in CalculateScore(^^^ItemsProcessedScore^^^); ]
I0406 22:07:20.271226 12174 processor.cc:74] No data in processing queue, waiting...
I0406 22:07:20.275817 12176 processor.cc:292] Processor: complete processing batch 677f30a2-9719-41a9-bc36-e039148b3b3e into model nwt
I0406 22:07:20.276634 12176 cuckoo_watch.h:45] 98ms in ProcessBatch(Batches/aaaaam.batch) [including 9ms in LoadMessage; 0ms in FindReuseThetaCacheEntry; 0ms in InitializeTheta; 0ms in CreateRegularizerAgents; 6ms in InitializeSparseNdw; 56ms in InferThetaAndUpdateNwtSparse; 0ms in UpdateCacheEntry; 26ms in CalculateScore(^^^ItemsProcessedScore^^^); ]
I0406 22:07:20.277318 11794 master_component.cc:1442] RegularizeModelArgs: rwt_target_name=rwt, pwt_source_name=pwt, nwt_source_name=nwt
I0406 22:07:20.277338 11794 master_component.cc:975] MasterComponent: start regularizing model pwt
I0406 22:07:20.291249 12177 processor.cc:74] No data in processing queue, waiting...
I0406 22:07:20.296763 12176 processor.cc:74] No data in processing queue, waiting...
I0406 22:07:20.390307 11794 master_component.cc:1001] MasterComponent: complete regularizing model pwt
I0406 22:07:20.390331 11794 master_component.cc:1455] NormalizeModelArgs: pwt_target_name=pwt, nwt_source_name=nwt, rwt_source_name=rwt
I0406 22:07:20.390341 11794 master_component.cc:1005] MasterComponent: start normalizing model nwt
I0406 22:07:20.464238 11794 master_component.cc:1033] MasterComponent: complete normalizing model nwt
I0406 22:07:20.560761 11794 master_component.cc:1479] DisposeModel rwt
I0406 22:07:20.570133 11794 master_component.cc:1058] FitOffline: ItemsProcessed, num_items=1728, num_batches=18, token_weight=808522, token_weight_in_effect=808522
I0406 22:07:20.570361 11794 c_interface.cc:389] Pass FitOfflineMasterModelArgs, batch_filename_size=18, batch_weight_size=18, num_collection_passes=1, reset_nwt=yes to MN4artm4core15MasterComponentEFvRKNS_25FitOfflineMasterModelArgsEE
I0406 22:07:20.570381 11794 master_component.cc:1404] ProcessBatchesArgs: nwt_target_name=nwt, batch_filename_size=18, batch_size=0, batch_weight_size=18, pwt_source_name=pwt, num_document_passes=1, regularizer=(name:SparsePhi, tau:100000), reuse_theta=yes, opt_for_avx=yes, predict_class_id=, reset_nwt=yes
I0406 22:07:20.581866 12176 processor.cc:81] Processing queue has data, processing started
I0406 22:07:20.582558 12174 processor.cc:81] Processing queue has data, processing started
I0406 22:07:20.582669 12175 processor.cc:81] Processing queue has data, processing started
I0406 22:07:20.585381 12174 processor.cc:158] Processor: start processing batch be9f0109-6d91-4f48-a00c-cc5472bf69f7 into model nwt
I0406 22:07:20.588197 12176 processor.cc:158] Processor: start processing batch fced9c49-3584-4f8d-8723-87499960692c into model nwt
I0406 22:07:20.591259 12175 processor.cc:158] Processor: start processing batch 048bcd38-afd2-47ae-8d3d-d3411dacf0bd into model nwt
I0406 22:07:20.594396 12177 processor.cc:81] Processing queue has data, processing started
I0406 22:07:20.597961 12177 processor.cc:158] Processor: start processing batch 782b3642-0a42-4999-9ffa-8064a089f83e into model nwt
I0406 22:07:20.608323 12174 processor.cc:292] Processor: complete processing batch be9f0109-6d91-4f48-a00c-cc5472bf69f7 into model nwt
I0406 22:07:20.608853 12174 cuckoo_watch.h:45] 26ms in ProcessBatch(Batches/aaaaae.batch) [including 2ms in LoadMessage; 0ms in FindReuseThetaCacheEntry; 0ms in InitializeTheta; 0ms in CreateRegularizerAgents; 1ms in InitializeSparseNdw; 13ms in InferThetaAndUpdateNwtSparse; 0ms in UpdateCacheEntry; 8ms in CalculateScore(^^^ItemsProcessedScore^^^); ]
I0406 22:07:20.615864 12174 processor.cc:158] Processor: start processing batch 5621f913-2e68-4f6a-98f0-4b6c84f7dcc3 into model nwt
I0406 22:07:20.658753 12177 processor.cc:292] Processor: complete processing batch 782b3642-0a42-4999-9ffa-8064a089f83e into model nwt
I0406 22:07:20.659612 12177 cuckoo_watch.h:45] 65ms in ProcessBatch(Batches/aaaaaj.batch) [including 3ms in LoadMessage; 0ms in FindReuseThetaCacheEntry; 0ms in InitializeTheta; 0ms in CreateRegularizerAgents; 7ms in InitializeSparseNdw; 32ms in InferThetaAndUpdateNwtSparse; 0ms in UpdateCacheEntry; 20ms in CalculateScore(^^^ItemsProcessedScore^^^); ]
I0406 22:07:20.662361 12177 processor.cc:158] Processor: start processing batch 6c78d964-b2ab-4d03-ab54-bf7023db75a8 into model nwt
I0406 22:07:20.663522 12176 processor.cc:292] Processor: complete processing batch fced9c49-3584-4f8d-8723-87499960692c into model nwt
I0406 22:07:20.664495 12176 cuckoo_watch.h:45] 82ms in ProcessBatch(Batches/aaaaao.batch) [including 6ms in LoadMessage; 0ms in FindReuseThetaCacheEntry; 0ms in InitializeTheta; 0ms in CreateRegularizerAgents; 3ms in InitializeSparseNdw; 43ms in InferThetaAndUpdateNwtSparse; 0ms in UpdateCacheEntry; 27ms in CalculateScore(^^^ItemsProcessedScore^^^); ]
I0406 22:07:20.673331 12176 processor.cc:158] Processor: start processing batch ef24ae8f-b427-471d-b935-a1b49e08f2da into model nwt
I0406 22:07:20.689467 12177 processor.cc:292] Processor: complete processing batch 6c78d964-b2ab-4d03-ab54-bf7023db75a8 into model nwt
I0406 22:07:20.689996 12177 cuckoo_watch.h:45] 30ms in ProcessBatch(Batches/aaaaac.batch) [including 2ms in LoadMessage; 0ms in FindReuseThetaCacheEntry; 0ms in InitializeTheta; 0ms in CreateRegularizerAgents; 1ms in InitializeSparseNdw; 16ms in InferThetaAndUpdateNwtSparse; 0ms in UpdateCacheEntry; 9ms in CalculateScore(^^^ItemsProcessedScore^^^); ]
I0406 22:07:20.692553 12177 processor.cc:158] Processor: start processing batch c8af4a00-10b7-410a-945d-afe2e54d9a36 into model nwt
I0406 22:07:20.703671 12175 processor.cc:292] Processor: complete processing batch 048bcd38-afd2-47ae-8d3d-d3411dacf0bd into model nwt
I0406 22:07:20.704869 12175 cuckoo_watch.h:45] 122ms in ProcessBatch(Batches/aaaaak.batch) [including 8ms in LoadMessage; 0ms in FindReuseThetaCacheEntry; 0ms in InitializeTheta; 0ms in CreateRegularizerAgents; 7ms in InitializeSparseNdw; 64ms in InferThetaAndUpdateNwtSparse; 0ms in UpdateCacheEntry; 39ms in CalculateScore(^^^ItemsProcessedScore^^^); ]
I0406 22:07:20.706928 12175 processor.cc:158] Processor: start processing batch 3c8a348f-9937-495c-9b78-325fe7ea3d23 into model nwt
I0406 22:07:20.709570 12174 processor.cc:292] Processor: complete processing batch 5621f913-2e68-4f6a-98f0-4b6c84f7dcc3 into model nwt
I0406 22:07:20.710572 12174 cuckoo_watch.h:45] 101ms in ProcessBatch(Batches/aaaaan.batch) [including 6ms in LoadMessage; 0ms in FindReuseThetaCacheEntry; 0ms in InitializeTheta; 0ms in CreateRegularizerAgents; 6ms in InitializeSparseNdw; 54ms in InferThetaAndUpdateNwtSparse; 0ms in UpdateCacheEntry; 32ms in CalculateScore(^^^ItemsProcessedScore^^^); ]
I0406 22:07:20.714591 12174 processor.cc:158] Processor: start processing batch 700c3a84-9832-4271-8814-55df5d9da423 into model nwt
I0406 22:07:20.716715 12177 processor.cc:292] Processor: complete processing batch c8af4a00-10b7-410a-945d-afe2e54d9a36 into model nwt
I0406 22:07:20.717305 12177 cuckoo_watch.h:45] 27ms in ProcessBatch(Batches/aaaaab.batch) [including 2ms in LoadMessage; 0ms in FindReuseThetaCacheEntry; 0ms in InitializeTheta; 0ms in CreateRegularizerAgents; 1ms in InitializeSparseNdw; 14ms in InferThetaAndUpdateNwtSparse; 0ms in UpdateCacheEntry; 8ms in CalculateScore(^^^ItemsProcessedScore^^^); ]
I0406 22:07:20.717844 12177 processor.cc:158] Processor: start processing batch 6e1c122c-5cde-4ef3-ba3d-1a94174f4b18 into model nwt
I0406 22:07:20.721292 12177 processor.cc:292] Processor: complete processing batch 6e1c122c-5cde-4ef3-ba3d-1a94174f4b18 into model nwt
I0406 22:07:20.721431 12177 cuckoo_watch.h:45] 4ms in ProcessBatch(Batches/aaaaar.batch) [including 0ms in LoadMessage; 0ms in FindReuseThetaCacheEntry; 0ms in InitializeTheta; 0ms in CreateRegularizerAgents; 0ms in InitializeSparseNdw; 2ms in InferThetaAndUpdateNwtSparse; 0ms in UpdateCacheEntry; 1ms in CalculateScore(^^^ItemsProcessedScore^^^); ]
I0406 22:07:20.724282 12177 processor.cc:158] Processor: start processing batch a0939a26-4dd4-4a52-90ca-ee92f7266d58 into model nwt
I0406 22:07:20.725602 12175 processor.cc:292] Processor: complete processing batch 3c8a348f-9937-495c-9b78-325fe7ea3d23 into model nwt
I0406 22:07:20.726071 12175 cuckoo_watch.h:45] 20ms in ProcessBatch(Batches/aaaaaq.batch) [including 2ms in LoadMessage; 0ms in FindReuseThetaCacheEntry; 0ms in InitializeTheta; 0ms in CreateRegularizerAgents; 0ms in InitializeSparseNdw; 11ms in InferThetaAndUpdateNwtSparse; 0ms in UpdateCacheEntry; 6ms in CalculateScore(^^^ItemsProcessedScore^^^); ]
I0406 22:07:20.727471 12175 processor.cc:158] Processor: start processing batch c98e2b2a-9bbb-4fa1-a922-225ba01bea91 into model nwt
I0406 22:07:20.740037 12175 processor.cc:292] Processor: complete processing batch c98e2b2a-9bbb-4fa1-a922-225ba01bea91 into model nwt
I0406 22:07:20.740576 12175 cuckoo_watch.h:45] 14ms in ProcessBatch(Batches/aaaaaa.batch) [including 1ms in LoadMessage; 0ms in FindReuseThetaCacheEntry; 0ms in InitializeTheta; 0ms in CreateRegularizerAgents; 0ms in InitializeSparseNdw; 7ms in InferThetaAndUpdateNwtSparse; 0ms in UpdateCacheEntry; 4ms in CalculateScore(^^^ItemsProcessedScore^^^); ]
I0406 22:07:20.743479 12175 processor.cc:158] Processor: start processing batch 61b1ac56-7c35-4348-b783-e0d6acaf83e0 into model nwt
I0406 22:07:20.751113 12177 processor.cc:292] Processor: complete processing batch a0939a26-4dd4-4a52-90ca-ee92f7266d58 into model nwt
I0406 22:07:20.751664 12177 cuckoo_watch.h:45] 30ms in ProcessBatch(Batches/aaaaaf.batch) [including 2ms in LoadMessage; 0ms in FindReuseThetaCacheEntry; 0ms in InitializeTheta; 0ms in CreateRegularizerAgents; 1ms in InitializeSparseNdw; 16ms in InferThetaAndUpdateNwtSparse; 0ms in UpdateCacheEntry; 9ms in CalculateScore(^^^ItemsProcessedScore^^^); ]
I0406 22:07:20.754019 12174 processor.cc:292] Processor: complete processing batch 700c3a84-9832-4271-8814-55df5d9da423 into model nwt
I0406 22:07:20.754676 12174 cuckoo_watch.h:45] 44ms in ProcessBatch(Batches/aaaaag.batch) [including 3ms in LoadMessage; 0ms in FindReuseThetaCacheEntry; 0ms in InitializeTheta; 0ms in CreateRegularizerAgents; 2ms in InitializeSparseNdw; 23ms in InferThetaAndUpdateNwtSparse; 0ms in UpdateCacheEntry; 13ms in CalculateScore(^^^ItemsProcessedScore^^^); ]
I0406 22:07:20.757551 12174 processor.cc:158] Processor: start processing batch 395184fb-1227-4ff0-a1bb-a069f3db5500 into model nwt
I0406 22:07:20.760309 12177 processor.cc:158] Processor: start processing batch 677f30a2-9719-41a9-bc36-e039148b3b3e into model nwt
I0406 22:07:20.771354 12175 processor.cc:292] Processor: complete processing batch 61b1ac56-7c35-4348-b783-e0d6acaf83e0 into model nwt
I0406 22:07:20.771878 12175 cuckoo_watch.h:45] 31ms in ProcessBatch(Batches/aaaaad.batch) [including 2ms in LoadMessage; 0ms in FindReuseThetaCacheEntry; 0ms in InitializeTheta; 0ms in CreateRegularizerAgents; 1ms in InitializeSparseNdw; 17ms in InferThetaAndUpdateNwtSparse; 0ms in UpdateCacheEntry; 9ms in CalculateScore(^^^ItemsProcessedScore^^^); ]
I0406 22:07:20.777813 12175 processor.cc:158] Processor: start processing batch 5eef4a67-5be9-4956-a3aa-29ae9af4da08 into model nwt
I0406 22:07:20.778374 12176 processor.cc:292] Processor: complete processing batch ef24ae8f-b427-471d-b935-a1b49e08f2da into model nwt
I0406 22:07:20.779423 12176 cuckoo_watch.h:45] 114ms in ProcessBatch(Batches/aaaaal.batch) [including 8ms in LoadMessage; 0ms in FindReuseThetaCacheEntry; 0ms in InitializeTheta; 0ms in CreateRegularizerAgents; 6ms in InitializeSparseNdw; 61ms in InferThetaAndUpdateNwtSparse; 0ms in UpdateCacheEntry; 37ms in CalculateScore(^^^ItemsProcessedScore^^^); ]
I0406 22:07:20.782701 12176 processor.cc:158] Processor: start processing batch 30f84a15-e212-4959-bf4d-826e7ea3a420 into model nwt
I0406 22:07:20.785867 12174 processor.cc:292] Processor: complete processing batch 395184fb-1227-4ff0-a1bb-a069f3db5500 into model nwt
I0406 22:07:20.787958 12174 cuckoo_watch.h:45] 33ms in ProcessBatch(Batches/aaaaai.batch) [including 2ms in LoadMessage; 0ms in FindReuseThetaCacheEntry; 0ms in InitializeTheta; 0ms in CreateRegularizerAgents; 1ms in InitializeSparseNdw; 17ms in InferThetaAndUpdateNwtSparse; 0ms in UpdateCacheEntry; 9ms in CalculateScore(^^^ItemsProcessedScore^^^); ]
I0406 22:07:20.808228 12174 processor.cc:74] No data in processing queue, waiting...
I0406 22:07:20.808811 12176 processor.cc:292] Processor: complete processing batch 30f84a15-e212-4959-bf4d-826e7ea3a420 into model nwt
I0406 22:07:20.809278 12176 cuckoo_watch.h:45] 29ms in ProcessBatch(Batches/aaaaah.batch) [including 3ms in LoadMessage; 0ms in FindReuseThetaCacheEntry; 0ms in InitializeTheta; 0ms in CreateRegularizerAgents; 1ms in InitializeSparseNdw; 15ms in InferThetaAndUpdateNwtSparse; 0ms in UpdateCacheEntry; 8ms in CalculateScore(^^^ItemsProcessedScore^^^); ]
I0406 22:07:20.829583 12176 processor.cc:74] No data in processing queue, waiting...
I0406 22:07:20.840565 12175 processor.cc:292] Processor: complete processing batch 5eef4a67-5be9-4956-a3aa-29ae9af4da08 into model nwt
I0406 22:07:20.841243 12175 cuckoo_watch.h:45] 69ms in ProcessBatch(Batches/aaaaap.batch) [including 5ms in LoadMessage; 0ms in FindReuseThetaCacheEntry; 0ms in InitializeTheta; 0ms in CreateRegularizerAgents; 4ms in InitializeSparseNdw; 41ms in InferThetaAndUpdateNwtSparse; 0ms in UpdateCacheEntry; 16ms in CalculateScore(^^^ItemsProcessedScore^^^); ]
I0406 22:07:20.853835 12177 processor.cc:292] Processor: complete processing batch 677f30a2-9719-41a9-bc36-e039148b3b3e into model nwt
I0406 22:07:20.854678 12177 cuckoo_watch.h:45] 102ms in ProcessBatch(Batches/aaaaam.batch) [including 8ms in LoadMessage; 0ms in FindReuseThetaCacheEntry; 0ms in InitializeTheta; 0ms in CreateRegularizerAgents; 6ms in InitializeSparseNdw; 61ms in InferThetaAndUpdateNwtSparse; 0ms in UpdateCacheEntry; 25ms in CalculateScore(^^^ItemsProcessedScore^^^); ]
I0406 22:07:20.855214 11794 master_component.cc:1442] RegularizeModelArgs: rwt_target_name=rwt, pwt_source_name=pwt, nwt_source_name=nwt
I0406 22:07:20.855237 11794 master_component.cc:975] MasterComponent: start regularizing model pwt
I0406 22:07:20.861714 12175 processor.cc:74] No data in processing queue, waiting...
I0406 22:07:20.874794 12177 processor.cc:74] No data in processing queue, waiting...
I0406 22:07:20.963114 11794 master_component.cc:1001] MasterComponent: complete regularizing model pwt
I0406 22:07:20.963136 11794 master_component.cc:1455] NormalizeModelArgs: pwt_target_name=pwt, nwt_source_name=nwt, rwt_source_name=rwt
I0406 22:07:20.963146 11794 master_component.cc:1005] MasterComponent: start normalizing model nwt
I0406 22:07:21.040087 11794 master_component.cc:1033] MasterComponent: complete normalizing model nwt
I0406 22:07:21.137918 11794 master_component.cc:1479] DisposeModel rwt
I0406 22:07:21.149302 11794 master_component.cc:1058] FitOffline: ItemsProcessed, num_items=1728, num_batches=18, token_weight=808522, token_weight_in_effect=808522
I0406 22:07:21.149531 11794 c_interface.cc:389] Pass FitOfflineMasterModelArgs, batch_filename_size=18, batch_weight_size=18, num_collection_passes=1, reset_nwt=yes to MN4artm4core15MasterComponentEFvRKNS_25FitOfflineMasterModelArgsEE
I0406 22:07:21.149550 11794 master_component.cc:1404] ProcessBatchesArgs: nwt_target_name=nwt, batch_filename_size=18, batch_size=0, batch_weight_size=18, pwt_source_name=pwt, num_document_passes=1, regularizer=(name:SparsePhi, tau:100000), reuse_theta=yes, opt_for_avx=yes, predict_class_id=, reset_nwt=yes
I0406 22:07:21.161327 12177 processor.cc:81] Processing queue has data, processing started
I0406 22:07:21.162325 12176 processor.cc:81] Processing queue has data, processing started
I0406 22:07:21.162467 12175 processor.cc:81] Processing queue has data, processing started
I0406 22:07:21.165091 12176 processor.cc:158] Processor: start processing batch be9f0109-6d91-4f48-a00c-cc5472bf69f7 into model nwt
I0406 22:07:21.166584 12174 processor.cc:81] Processing queue has data, processing started
I0406 22:07:21.168288 12177 processor.cc:158] Processor: start processing batch fced9c49-3584-4f8d-8723-87499960692c into model nwt
I0406 22:07:21.173736 12174 processor.cc:158] Processor: start processing batch 782b3642-0a42-4999-9ffa-8064a089f83e into model nwt
I0406 22:07:21.175992 12175 processor.cc:158] Processor: start processing batch 048bcd38-afd2-47ae-8d3d-d3411dacf0bd into model nwt
I0406 22:07:21.190259 12176 processor.cc:292] Processor: complete processing batch be9f0109-6d91-4f48-a00c-cc5472bf69f7 into model nwt
I0406 22:07:21.190762 12176 cuckoo_watch.h:45] 28ms in ProcessBatch(Batches/aaaaae.batch) [including 2ms in LoadMessage; 0ms in FindReuseThetaCacheEntry; 0ms in InitializeTheta; 0ms in CreateRegularizerAgents; 0ms in InitializeSparseNdw; 15ms in InferThetaAndUpdateNwtSparse; 0ms in UpdateCacheEntry; 8ms in CalculateScore(^^^ItemsProcessedScore^^^); ]
I0406 22:07:21.197896 12176 processor.cc:158] Processor: start processing batch 5621f913-2e68-4f6a-98f0-4b6c84f7dcc3 into model nwt
I0406 22:07:21.234102 12174 processor.cc:292] Processor: complete processing batch 782b3642-0a42-4999-9ffa-8064a089f83e into model nwt
I0406 22:07:21.235034 12174 cuckoo_watch.h:45] 68ms in ProcessBatch(Batches/aaaaaj.batch) [including 7ms in LoadMessage; 0ms in FindReuseThetaCacheEntry; 0ms in InitializeTheta; 0ms in CreateRegularizerAgents; 2ms in InitializeSparseNdw; 35ms in InferThetaAndUpdateNwtSparse; 0ms in UpdateCacheEntry; 22ms in CalculateScore(^^^ItemsProcessedScore^^^); ]
I0406 22:07:21.237843 12174 processor.cc:158] Processor: start processing batch 6c78d964-b2ab-4d03-ab54-bf7023db75a8 into model nwt
I0406 22:07:21.248780 12177 processor.cc:292] Processor: complete processing batch fced9c49-3584-4f8d-8723-87499960692c into model nwt
I0406 22:07:21.249719 12177 cuckoo_watch.h:45] 88ms in ProcessBatch(Batches/aaaaao.batch) [including 6ms in LoadMessage; 0ms in FindReuseThetaCacheEntry; 0ms in InitializeTheta; 0ms in CreateRegularizerAgents; 3ms in InitializeSparseNdw; 46ms in InferThetaAndUpdateNwtSparse; 0ms in UpdateCacheEntry; 30ms in CalculateScore(^^^ItemsProcessedScore^^^); ]
I0406 22:07:21.259140 12177 processor.cc:158] Processor: start processing batch ef24ae8f-b427-471d-b935-a1b49e08f2da into model nwt
I0406 22:07:21.267168 12174 processor.cc:292] Processor: complete processing batch 6c78d964-b2ab-4d03-ab54-bf7023db75a8 into model nwt
I0406 22:07:21.267673 12174 cuckoo_watch.h:45] 32ms in ProcessBatch(Batches/aaaaac.batch) [including 2ms in LoadMessage; 0ms in FindReuseThetaCacheEntry; 0ms in InitializeTheta; 0ms in CreateRegularizerAgents; 1ms in InitializeSparseNdw; 18ms in InferThetaAndUpdateNwtSparse; 0ms in UpdateCacheEntry; 9ms in CalculateScore(^^^ItemsProcessedScore^^^); ]
I0406 22:07:21.270059 12174 processor.cc:158] Processor: start processing batch c8af4a00-10b7-410a-945d-afe2e54d9a36 into model nwt
I0406 22:07:21.286605 12175 processor.cc:292] Processor: complete processing batch 048bcd38-afd2-47ae-8d3d-d3411dacf0bd into model nwt
I0406 22:07:21.287813 12175 cuckoo_watch.h:45] 125ms in ProcessBatch(Batches/aaaaak.batch) [including 13ms in LoadMessage; 0ms in FindReuseThetaCacheEntry; 0ms in InitializeTheta; 0ms in CreateRegularizerAgents; 6ms in InitializeSparseNdw; 63ms in InferThetaAndUpdateNwtSparse; 0ms in UpdateCacheEntry; 41ms in CalculateScore(^^^ItemsProcessedScore^^^); ]
I0406 22:07:21.289742 12175 processor.cc:158] Processor: start processing batch 3c8a348f-9937-495c-9b78-325fe7ea3d23 into model nwt
I0406 22:07:21.296552 12174 processor.cc:292] Processor: complete processing batch c8af4a00-10b7-410a-945d-afe2e54d9a36 into model nwt
I0406 22:07:21.297086 12174 cuckoo_watch.h:45] 29ms in ProcessBatch(Batches/aaaaab.batch) [including 2ms in LoadMessage; 0ms in FindReuseThetaCacheEntry; 0ms in InitializeTheta; 0ms in CreateRegularizerAgents; 1ms in InitializeSparseNdw; 17ms in InferThetaAndUpdateNwtSparse; 0ms in UpdateCacheEntry; 8ms in CalculateScore(^^^ItemsProcessedScore^^^); ]
I0406 22:07:21.300578 12174 processor.cc:158] Processor: start processing batch 700c3a84-9832-4271-8814-55df5d9da423 into model nwt
I0406 22:07:21.306866 12175 processor.cc:292] Processor: complete processing batch 3c8a348f-9937-495c-9b78-325fe7ea3d23 into model nwt
I0406 22:07:21.307330 12175 cuckoo_watch.h:45] 19ms in ProcessBatch(Batches/aaaaaq.batch) [including 1ms in LoadMessage; 0ms in FindReuseThetaCacheEntry; 0ms in InitializeTheta; 0ms in CreateRegularizerAgents; 0ms in InitializeSparseNdw; 10ms in InferThetaAndUpdateNwtSparse; 0ms in UpdateCacheEntry; 5ms in CalculateScore(^^^ItemsProcessedScore^^^); ]
I0406 22:07:21.307886 12175 processor.cc:158] Processor: start processing batch 6e1c122c-5cde-4ef3-ba3d-1a94174f4b18 into model nwt
I0406 22:07:21.309599 12176 processor.cc:292] Processor: complete processing batch 5621f913-2e68-4f6a-98f0-4b6c84f7dcc3 into model nwt
I0406 22:07:21.310802 12176 cuckoo_watch.h:45] 119ms in ProcessBatch(Batches/aaaaan.batch) [including 7ms in LoadMessage; 0ms in FindReuseThetaCacheEntry; 0ms in InitializeTheta; 0ms in CreateRegularizerAgents; 5ms in InitializeSparseNdw; 61ms in InferThetaAndUpdateNwtSparse; 0ms in UpdateCacheEntry; 44ms in CalculateScore(^^^ItemsProcessedScore^^^); ]
I0406 22:07:21.311725 12175 processor.cc:292] Processor: complete processing batch 6e1c122c-5cde-4ef3-ba3d-1a94174f4b18 into model nwt
I0406 22:07:21.311866 12175 cuckoo_watch.h:45] 4ms in ProcessBatch(Batches/aaaaar.batch) [including 0ms in LoadMessage; 0ms in FindReuseThetaCacheEntry; 0ms in InitializeTheta; 0ms in CreateRegularizerAgents; 0ms in InitializeSparseNdw; 2ms in InferThetaAndUpdateNwtSparse; 0ms in UpdateCacheEntry; 1ms in CalculateScore(^^^ItemsProcessedScore^^^); ]
I0406 22:07:21.313541 12175 processor.cc:158] Processor: start processing batch c98e2b2a-9bbb-4fa1-a922-225ba01bea91 into model nwt
I0406 22:07:21.314908 12176 processor.cc:158] Processor: start processing batch a0939a26-4dd4-4a52-90ca-ee92f7266d58 into model nwt
I0406 22:07:21.326611 12175 processor.cc:292] Processor: complete processing batch c98e2b2a-9bbb-4fa1-a922-225ba01bea91 into model nwt
I0406 22:07:21.326953 12175 cuckoo_watch.h:45] 14ms in ProcessBatch(Batches/aaaaaa.batch) [including 1ms in LoadMessage; 0ms in FindReuseThetaCacheEntry; 0ms in InitializeTheta; 0ms in CreateRegularizerAgents; 0ms in InitializeSparseNdw; 8ms in InferThetaAndUpdateNwtSparse; 0ms in UpdateCacheEntry; 3ms in CalculateScore(^^^ItemsProcessedScore^^^); ]
I0406 22:07:21.329787 12175 processor.cc:158] Processor: start processing batch 61b1ac56-7c35-4348-b783-e0d6acaf83e0 into model nwt
I0406 22:07:21.343343 12174 processor.cc:292] Processor: complete processing batch 700c3a84-9832-4271-8814-55df5d9da423 into model nwt
I0406 22:07:21.344024 12174 cuckoo_watch.h:45] 46ms in ProcessBatch(Batches/aaaaag.batch) [including 3ms in LoadMessage; 0ms in FindReuseThetaCacheEntry; 0ms in InitializeTheta; 0ms in CreateRegularizerAgents; 1ms in InitializeSparseNdw; 25ms in InferThetaAndUpdateNwtSparse; 0ms in UpdateCacheEntry; 14ms in CalculateScore(^^^ItemsProcessedScore^^^); ]
I0406 22:07:21.347676 12176 processor.cc:292] Processor: complete processing batch a0939a26-4dd4-4a52-90ca-ee92f7266d58 into model nwt
I0406 22:07:21.348268 12176 cuckoo_watch.h:45] 37ms in ProcessBatch(Batches/aaaaaf.batch) [including 4ms in LoadMessage; 0ms in FindReuseThetaCacheEntry; 0ms in InitializeTheta; 0ms in CreateRegularizerAgents; 1ms in InitializeSparseNdw; 20ms in InferThetaAndUpdateNwtSparse; 0ms in UpdateCacheEntry; 10ms in CalculateScore(^^^ItemsProcessedScore^^^); ]
I0406 22:07:21.351281 12176 processor.cc:158] Processor: start processing batch 395184fb-1227-4ff0-a1bb-a069f3db5500 into model nwt
I0406 22:07:21.353101 12174 processor.cc:158] Processor: start processing batch 677f30a2-9719-41a9-bc36-e039148b3b3e into model nwt
I0406 22:07:21.357270 12175 processor.cc:292] Processor: complete processing batch 61b1ac56-7c35-4348-b783-e0d6acaf83e0 into model nwt
I0406 22:07:21.357822 12175 cuckoo_watch.h:45] 30ms in ProcessBatch(Batches/aaaaad.batch) [including 2ms in LoadMessage; 0ms in FindReuseThetaCacheEntry; 0ms in InitializeTheta; 0ms in CreateRegularizerAgents; 1ms in InitializeSparseNdw; 17ms in InferThetaAndUpdateNwtSparse; 0ms in UpdateCacheEntry; 8ms in CalculateScore(^^^ItemsProcessedScore^^^); ]
I0406 22:07:21.363580 12175 processor.cc:158] Processor: start processing batch 5eef4a67-5be9-4956-a3aa-29ae9af4da08 into model nwt
